{
    "resolift stub": {
        "content": [
            {
                "0": [
                    [
                        {
                            "id": "test_run"
                        },
                        "test_run.tiff:md5,d41d8cd98f00b204e9800998ecf8427e"
                    ]
                ],
                "1": [
                    "versions.yml:md5,e2a649848a8b90aecf354b1478c05450"
                ],
                "output": [
                    [
                        {
                            "id": "test_run"
                        },
                        "test_run.tiff:md5,d41d8cd98f00b204e9800998ecf8427e"
                    ]
                ],
                "versions": [
                    "versions.yml:md5,e2a649848a8b90aecf354b1478c05450"
                ]
            }
        ],
        "meta": {
            "nf-test": "0.9.2",
            "nextflow": "24.10.4"
        },
        "timestamp": "2025-03-25T15:17:43.654819314"
    },
    "resolift main": {
        "content": [
            {
                "0": [
                    [
                        {
                            "id": "test_run"
                        },
                        "test_run.tiff:md5,45735fdfe69f69e6fb9556c317c17a7c"
                    ]
                ],
                "1": [
                    "versions.yml:md5,e2a649848a8b90aecf354b1478c05450"
                ],
                "output": [
                    [
                        {
                            "id": "test_run"
                        },
                        "test_run.tiff:md5,45735fdfe69f69e6fb9556c317c17a7c"
                    ]
                ],
                "versions": [
                    "versions.yml:md5,e2a649848a8b90aecf354b1478c05450"
                ]
            }
        ],
        "meta": {
            "nf-test": "0.9.2",
            "nextflow": "24.10.4"
        },
        "timestamp": "2025-03-25T15:30:32.695757643"
    }
}